Iteration	Posterior	Likelihood	Prior	clado_demipoly	clado_fission	clado_fusion	clado_no_change	clado_polyploid	delta	delta_l	eta	gamma	gamma_l	root_frequencies[1]	root_frequencies[2]	root_frequencies[3]	root_frequencies[4]	root_frequencies[5]	root_frequencies[6]	root_frequencies[7]	root_frequencies[8]	root_frequencies[9]	root_frequencies[10]	root_frequencies[11]	root_frequencies[12]	root_frequencies[13]	root_frequencies[14]	root_frequencies[15]	root_frequencies[16]	root_frequencies[17]	root_frequencies[18]	root_frequencies[19]	turnover
0	-129.175	-172.24	43.0652	0	0	0.0007937717	0.2355022	0.002884519	0.09571928	0	0	0	0	0.0926092	0.0103804	0.0814648	0.0126631	0.0386425	0.0855358	0.0281339	0.00836271	0.0256754	0.0577427	0.0530188	0.0150099	0.111301	0.0187526	0.0537238	0.295342	0.00144686	0.00572423	0.0044705	0.5682681
1	-118.663	-167.55	48.8864	0	0.003409628	0.003489812	0.2355022	0	0.1234423	-0.1241672	0.002700688	0.01602121	0	0.088248	0.00989155	0.0550234	0.026809	0.281433	0.0244663	0.0120667	0.10606	0.0815077	0.0368228	0.0928155	0.0143031	0.012768	0.0178695	0.0511938	0.0776284	0.00137872	0.00545466	0.00425997	0.3787631
2	-129.1	-167.026	37.9263	0	0	0.003489812	0.2355022	0	0.1130226	0	0	0	0.0840455	0.0884536	0.0099146	0.0127978	0.0179111	0.280417	0.0245233	0.00138193	0.106307	0.0816976	0.0513131	0.0930318	0.0143364	0.0551516	0.0268715	0.0369086	0.0778093	0.0120948	0.00546737	0.00361201	0.02253485
